# Black Box Test 8 commands

# Create a graph
created graph G1

# Create some nodes
created node n1 with cost 1
created node n2 with cost 3

# Add some nodes to graph G1
added node n2 to G1
added node n1 to G1

# Add some edges
added edge from n1 to n2 in G1

# Find a path
shortest path in G1: n1
